// Jest Snapshot v1, https://goo.gl/fbAQLP

exports[`CountrySelectorComponent should create 1`] = `
<app-country-selector
  __ngContext__={[Function LRootView]}
  allCountrys={[Function Array]}
  country={[Function String]}
  countryService={[Function Object]}
  filteredCountrys={[Function Array]}
  menuOpen="false"
  trigger={[Function MatMenuTrigger]}
>
  <button
    aria-haspopup="true"
    class="mat-focus-indicator mat-menu-trigger mat-raised-button mat-button-base mat-primary"
    color="primary"
    mat-raised-button=""
    yposition="before"
  >
    <span
      class="mat-button-wrapper"
    >
      <span
        class="fi fi-us"
      >
        ERROR
      </span>
    </span>
    <span
      class="mat-ripple mat-button-ripple"
      matripple=""
    />
    <span
      class="mat-button-focus-overlay"
    />
  </button><mat-menu>
  </mat-menu>
</app-country-selector>
`;
